/Users/dineshjinjala/Documents/AllCode/ICMLPapers/papers/icml26-repro-qbe18sZPWS-routing-by-reaching/repro/src/train_neural_gfns.py:145: UserWarning: Converting a tensor with requires_grad=True to a scalar may lead to unexpected behavior.
Consider using tensor.detach() first. (Triggered internally at /Users/runner/work/pytorch/pytorch/torch/csrc/autograd/generated/python_variable_methods.cpp:823.)
  log(f"    [{name}] step {step}: TB loss {float(loss):.4f} "
    [shubert] step 0: TB loss 5.4785 logZ 0.100
    [shubert] step 2000: TB loss 0.0710 logZ 6.033
    [shubert] step 4000: TB loss 0.0602 logZ 6.071
    [shubert] step 6000: TB loss 0.0741 logZ 6.182
    [shubert] step 8000: TB loss 0.0768 logZ 6.181
    [shubert] step 10000: TB loss 0.0539 logZ 6.160
    [shubert] step 12000: TB loss 0.0459 logZ 6.147
    [shubert] step 14000: TB loss 0.0216 logZ 6.156
    [shubert] step 15999: TB loss 0.0244 logZ 6.157
[T1] shubert: L1 0.1146 (309.6s)
    [diagonal] step 0: TB loss 4.4378 logZ 0.100
    [diagonal] step 2000: TB loss 0.0135 logZ 6.083
    [diagonal] step 4000: TB loss 0.0168 logZ 6.169
    [diagonal] step 6000: TB loss 0.0284 logZ 6.138
    [diagonal] step 8000: TB loss 0.0067 logZ 6.233
    [diagonal] step 10000: TB loss 0.0056 logZ 6.214
    [diagonal] step 12000: TB loss 0.0015 logZ 6.236
    [diagonal] step 14000: TB loss 0.0013 logZ 6.231
    [diagonal] step 15999: TB loss 0.0021 logZ 6.238
[T1] diagonal: L1 0.0197 (379.2s)
    [currin] step 0: TB loss 8.4319 logZ 0.100
    [currin] step 2000: TB loss 0.0045 logZ 6.279
    [currin] step 4000: TB loss 0.0044 logZ 6.291
    [currin] step 6000: TB loss 0.0050 logZ 6.318
    [currin] step 8000: TB loss 0.0118 logZ 6.341
    [currin] step 10000: TB loss 0.0044 logZ 6.337
    [currin] step 12000: TB loss 0.0005 logZ 6.323
    [currin] step 14000: TB loss 0.0003 logZ 6.323
    [currin] step 15999: TB loss 0.0029 logZ 6.323
[T1] currin: L1 0.0153 (331.5s)
    [sphere] step 0: TB loss 6.3035 logZ 0.100
    [sphere] step 2000: TB loss 0.0239 logZ 5.751
    [sphere] step 4000: TB loss 0.0165 logZ 5.928
    [sphere] step 6000: TB loss 0.0255 logZ 5.850
    [sphere] step 8000: TB loss 0.0311 logZ 5.787
    [sphere] step 10000: TB loss 0.0198 logZ 5.852
    [sphere] step 12000: TB loss 0.0437 logZ 5.846
    [sphere] step 14000: TB loss 0.0223 logZ 5.889
    [sphere] step 15999: TB loss 0.0892 logZ 5.884
[T1] sphere: L1 0.0778 (377.6s)
    [branin] step 0: TB loss 46.4322 logZ -0.100
    [branin] step 2000: TB loss 0.0476 logZ 6.648
    [branin] step 4000: TB loss 0.0230 logZ 6.739
    [branin] step 6000: TB loss 0.0039 logZ 6.691
    [branin] step 8000: TB loss 0.0102 logZ 6.684
    [branin] step 10000: TB loss 0.0056 logZ 6.716
    [branin] step 12000: TB loss 0.0096 logZ 6.730
    [branin] step 14000: TB loss 0.0026 logZ 6.723
    [branin] step 15999: TB loss 0.0029 logZ 6.728
[T1] branin: L1 0.0322 (545.9s)
    [circle1] step 0: TB loss 3.8533 logZ 0.100
    [circle1] step 2000: TB loss 0.3572 logZ 7.192
    [circle1] step 4000: TB loss 0.2689 logZ 7.480
    [circle1] step 6000: TB loss 0.1494 logZ 7.559
    [circle1] step 8000: TB loss 0.0821 logZ 7.625
    [circle1] step 10000: TB loss 0.2877 logZ 7.673
    [circle1] step 12000: TB loss 0.0691 logZ 7.654
    [circle1] step 14000: TB loss 0.4148 logZ 7.676
    [circle1] step 15999: TB loss 0.0728 logZ 7.680
[T1] circle1: L1 0.2011 (596.4s)
    [circle2] step 0: TB loss 2.1745 logZ 0.100
    [circle2] step 2000: TB loss 0.2482 logZ 7.622
    [circle2] step 4000: TB loss 0.1617 logZ 7.979
    [circle2] step 6000: TB loss 0.4159 logZ 7.993
    [circle2] step 8000: TB loss 0.2454 logZ 8.113
    [circle2] step 10000: TB loss 0.0889 logZ 8.099
    [circle2] step 12000: TB loss 0.1376 logZ 8.149
    [circle2] step 14000: TB loss 0.1255 logZ 8.102
    [circle2] step 15999: TB loss 0.2956 logZ 8.117
[T1] circle2: L1 0.2155 (586.3s)
    [circle3] step 0: TB loss 2.1958 logZ 0.100
    [circle3] step 2000: TB loss 0.3215 logZ 7.388
    [circle3] step 4000: TB loss 0.1566 logZ 7.417
    [circle3] step 6000: TB loss 0.3228 logZ 7.466
    [circle3] step 8000: TB loss 0.0888 logZ 7.580
    [circle3] step 10000: TB loss 0.3730 logZ 7.521
    [circle3] step 12000: TB loss 0.2002 logZ 7.589
    [circle3] step 14000: TB loss 0.1568 logZ 7.588
    [circle3] step 15999: TB loss 0.0926 logZ 7.585
[T1] circle3: L1 0.1946 (673.1s)
[T2] max L1 4.51e-16 | ablation median 0.418
[T3] 9/12 operator settings enriched
[T4] 524 adaptations in 0.06s, 0 updates
[T5] sampling L1 0.0506
{
 "T1": false,
 "T2": true,
 "T2_ablation": true,
 "T3": false,
 "T5": true
}
